Warning: `reflex_base.plugins.sitemap.SitemapPlugin` plugin is enabled by 
default, but not explicitly added to the config. If you want to use it, please 
add it to the `plugins` list in your config inside of `rxconfig.py`. To disable
this plugin, add `SitemapPlugin` to the `disable_plugins` list.
Warning: Windows Subsystem for Linux (WSL) is recommended for improving initial
install times.
Warning: `reflex_base.plugins.sitemap.SitemapPlugin` plugin is enabled by 
default, but not explicitly added to the config. If you want to use it, please 
add it to the `plugins` list in your config inside of `rxconfig.py`. To disable
this plugin, add `SitemapPlugin` to the `disable_plugins` list.
----------------------------- Starting Reflex App -----------------------------
Warning: Unable to bind to :8000 due to: [WinError 10048] Only one usage of 
each socket address (protocol/network address/port) is normally permitted.
Warning: Unable to bind to :8001 due to: [WinError 10048] Only one usage of 
each socket address (protocol/network address/port) is normally permitted.
Info: The backend will run on port 8002.
Warning: `reflex_base.plugins.sitemap.SitemapPlugin` plugin is enabled by 
default, but not explicitly added to the config. If you want to use it, please 
add it to the `plugins` list in your config inside of `rxconfig.py`. To disable
this plugin, add `SitemapPlugin` to the `disable_plugins` list.
Warning: `reflex_base.plugins.sitemap.SitemapPlugin` plugin is enabled by 
default, but not explicitly added to the config. If you want to use it, please 
add it to the `plugins` list in your config inside of `rxconfig.py`. To disable
this plugin, add `SitemapPlugin` to the `disable_plugins` list.
DeprecationWarning: Implicit Radix Themes enablement has been deprecated in 
version 0.9.0. a Radix Themes component was detected, which enables the full 
Radix CSS bundle. Configure `rx.plugins.RadixThemesPlugin()` in `rxconfig.py` 
to make this explicit, or remove Radix components to avoid loading the 
stylesheet. It will be completely removed in 1.0. 
(.venv\Lib\site-packages\reflex_components_radix\plugin.py:72)
Compiling: ---------------------------------------- 100% 14/13 0:00:01
--------------------------------- App Running ---------------------------------
Warning: `reflex_base.plugins.sitemap.SitemapPlugin` plugin is enabled by 
default, but not explicitly added to the config. If you want to use it, please 
add it to the `plugins` list in your config inside of `rxconfig.py`. To disable
this plugin, add `SitemapPlugin` to the `disable_plugins` list.
Warning: `reflex_base.plugins.sitemap.SitemapPlugin` plugin is enabled by 
default, but not explicitly added to the config. If you want to use it, please 
add it to the `plugins` list in your config inside of `rxconfig.py`. To disable
this plugin, add `SitemapPlugin` to the `disable_plugins` list.
App running at: http://localhost:3000/
Backend running at: http://0.0.0.0:8002
Warning: `reflex_base.plugins.sitemap.SitemapPlugin` plugin is enabled by 
default, but not explicitly added to the config. If you want to use it, please 
add it to the `plugins` list in your config inside of `rxconfig.py`. To disable
this plugin, add `SitemapPlugin` to the `disable_plugins` list.
Warning: `reflex_base.plugins.sitemap.SitemapPlugin` plugin is enabled by 
default, but not explicitly added to the config. If you want to use it, please 
add it to the `plugins` list in your config inside of `rxconfig.py`. To disable
this plugin, add `SitemapPlugin` to the `disable_plugins` list.
Warning: `reflex_base.plugins.sitemap.SitemapPlugin` plugin is enabled by 
default, but not explicitly added to the config. If you want to use it, please 
add it to the `plugins` list in your config inside of `rxconfig.py`. To disable
this plugin, add `SitemapPlugin` to the `disable_plugins` list.
DeprecationWarning: Implicit Radix Themes enablement has been deprecated in 
version 0.9.0. a Radix Themes component was detected, which enables the full 
Radix CSS bundle. Configure `rx.plugins.RadixThemesPlugin()` in `rxconfig.py` 
to make this explicit, or remove Radix components to avoid loading the 
stylesheet. It will be completely removed in 1.0. 
(.venv\Lib\site-packages\reflex_components_radix\plugin.py:72)
Compiling: ---------------------------------------- 100% 14/13 0:00:00
Warning: `reflex_base.plugins.sitemap.SitemapPlugin` plugin is enabled by 
default, but not explicitly added to the config. If you want to use it, please 
add it to the `plugins` list in your config inside of `rxconfig.py`. To disable
this plugin, add `SitemapPlugin` to the `disable_plugins` list.
Warning: `reflex_base.plugins.sitemap.SitemapPlugin` plugin is enabled by 
default, but not explicitly added to the config. If you want to use it, please 
add it to the `plugins` list in your config inside of `rxconfig.py`. To disable
this plugin, add `SitemapPlugin` to the `disable_plugins` list.
DeprecationWarning: Implicit Radix Themes enablement has been deprecated in 
version 0.9.0. a Radix Themes component was detected, which enables the full 
Radix CSS bundle. Configure `rx.plugins.RadixThemesPlugin()` in `rxconfig.py` 
to make this explicit, or remove Radix components to avoid loading the 
stylesheet. It will be completely removed in 1.0. 
(.venv\Lib\site-packages\reflex_components_radix\plugin.py:72)
Compiling: ---------------------------------------- 100% 14/13 0:00:01
Warning: `reflex_base.plugins.sitemap.SitemapPlugin` plugin is enabled by 
default, but not explicitly added to the config. If you want to use it, please 
add it to the `plugins` list in your config inside of `rxconfig.py`. To disable
this plugin, add `SitemapPlugin` to the `disable_plugins` list.
[ERROR] Unexpected exit from worker-1
Warning: `reflex_base.plugins.sitemap.SitemapPlugin` plugin is enabled by 
default, but not explicitly added to the config. If you want to use it, please 
add it to the `plugins` list in your config inside of `rxconfig.py`. To disable
this plugin, add `SitemapPlugin` to the `disable_plugins` list.
[ERROR] Unexpected exit from worker-1
Warning: `reflex_base.plugins.sitemap.SitemapPlugin` plugin is enabled by 
default, but not explicitly added to the config. If you want to use it, please 
add it to the `plugins` list in your config inside of `rxconfig.py`. To disable
this plugin, add `SitemapPlugin` to the `disable_plugins` list.
Warning: `reflex_base.plugins.sitemap.SitemapPlugin` plugin is enabled by 
default, but not explicitly added to the config. If you want to use it, please 
add it to the `plugins` list in your config inside of `rxconfig.py`. To disable
this plugin, add `SitemapPlugin` to the `disable_plugins` list.
DeprecationWarning: Implicit Radix Themes enablement has been deprecated in 
version 0.9.0. a Radix Themes component was detected, which enables the full 
Radix CSS bundle. Configure `rx.plugins.RadixThemesPlugin()` in `rxconfig.py` 
to make this explicit, or remove Radix components to avoid loading the 
stylesheet. It will be completely removed in 1.0. 
(.venv\Lib\site-packages\reflex_components_radix\plugin.py:72)
Compiling: ---------------------------------------- 100% 14/13 0:00:00
Warning: `reflex_base.plugins.sitemap.SitemapPlugin` plugin is enabled by 
default, but not explicitly added to the config. If you want to use it, please 
add it to the `plugins` list in your config inside of `rxconfig.py`. To disable
this plugin, add `SitemapPlugin` to the `disable_plugins` list.
Warning: `reflex_base.plugins.sitemap.SitemapPlugin` plugin is enabled by 
default, but not explicitly added to the config. If you want to use it, please 
add it to the `plugins` list in your config inside of `rxconfig.py`. To disable
this plugin, add `SitemapPlugin` to the `disable_plugins` list.
Warning: `reflex_base.plugins.sitemap.SitemapPlugin` plugin is enabled by 
default, but not explicitly added to the config. If you want to use it, please 
add it to the `plugins` list in your config inside of `rxconfig.py`. To disable
this plugin, add `SitemapPlugin` to the `disable_plugins` list.
Warning: `reflex_base.plugins.sitemap.SitemapPlugin` plugin is enabled by 
default, but not explicitly added to the config. If you want to use it, please 
add it to the `plugins` list in your config inside of `rxconfig.py`. To disable
this plugin, add `SitemapPlugin` to the `disable_plugins` list.
DeprecationWarning: Implicit Radix Themes enablement has been deprecated in 
version 0.9.0. a Radix Themes component was detected, which enables the full 
Radix CSS bundle. Configure `rx.plugins.RadixThemesPlugin()` in `rxconfig.py` 
to make this explicit, or remove Radix components to avoid loading the 
stylesheet. It will be completely removed in 1.0. 
(.venv\Lib\site-packages\reflex_components_radix\plugin.py:72)
Compiling: ---------------------------------------- 100% 14/13 0:00:01
Warning: `reflex_base.plugins.sitemap.SitemapPlugin` plugin is enabled by 
default, but not explicitly added to the config. If you want to use it, please 
add it to the `plugins` list in your config inside of `rxconfig.py`. To disable
this plugin, add `SitemapPlugin` to the `disable_plugins` list.
Warning: `reflex_base.plugins.sitemap.SitemapPlugin` plugin is enabled by 
default, but not explicitly added to the config. If you want to use it, please 
add it to the `plugins` list in your config inside of `rxconfig.py`. To disable
this plugin, add `SitemapPlugin` to the `disable_plugins` list.
Warning: `reflex_base.plugins.sitemap.SitemapPlugin` plugin is enabled by 
default, but not explicitly added to the config. If you want to use it, please 
add it to the `plugins` list in your config inside of `rxconfig.py`. To disable
this plugin, add `SitemapPlugin` to the `disable_plugins` list.
DeprecationWarning: Implicit Radix Themes enablement has been deprecated in 
version 0.9.0. a Radix Themes component was detected, which enables the full 
Radix CSS bundle. Configure `rx.plugins.RadixThemesPlugin()` in `rxconfig.py` 
to make this explicit, or remove Radix components to avoid loading the 
stylesheet. It will be completely removed in 1.0. 
(.venv\Lib\site-packages\reflex_components_radix\plugin.py:72)
Compiling: ---------------------------------------- 100% 14/13 0:00:00
